NAME module
NAME top
SINGLE ;
NAME wire
NAME s0
SINGLE ,
NAME s1
SINGLE ,
NAME clk
SINGLE ;
NAME evl_clock
SINGLE (
NAME clk
SINGLE )
SINGLE ;
NAME evl_dff
SINGLE (
NAME s0
SINGLE ,
NAME s1
SINGLE ,
NAME clk
SINGLE )
SINGLE ;
NAME not
SINGLE (
NAME s1
SINGLE ,
NAME s0
SINGLE )
SINGLE ;
NAME endmodule
